Vlan1                  unassigned      YES unset  administratively down down
Router>conf t
            ^
% Invalid input detected at '^' marker.
	
Router>confi t
             ^
% Invalid input detected at '^' marker.
	
Router>confi t
             ^
% Invalid input detected at '^' marker.
	
Router>#
Translating "#"...domain server (255.255.255.255)Initializing Hardware ...

Checking for PCIe device presence...done
System integrity status: 0x610
Rom image verified correctly


System Bootstrap, Version 16.7(3r), RELEASE SOFTWARE
Copyright (c) 1994-2018  by cisco Systems, Inc.

Current image running: Boot ROM0

Last reset cause: LocalSoft
Cisco ISR4331/K9 platform with 4194304 Kbytes of main memory



no valid BOOT image found
Final autoboot attempt from default boot device...
Located isr4300-universalk9.16.06.04.SPA.bin
##########################################################################################################################
Package header rev 1 structure detected
IsoSize = 550114467
Calculating SHA-1 hash...Validate package: SHA-1 hash:
        calculated 444F4D02:44C58887:D9C8942B:C557D3CF:2A14247E
        expected   444F4D02:44C58887:D9C8942B:C557D3CF:2A14247E

RSA Signed RELEASE Image Signature Verification Successful.
Image validated


              Restricted Rights Legend

Use, duplication, or disclosure by the Government is
subject to restrictions as set forth in subparagraph
(c) of the Commercial Computer Software - Restricted
Rights clause at FAR sec. 52.227-19 and subparagraph
(c) (1) (ii) of the Rights in Technical Data and Computer
Software clause at DFARS sec. 252.227-7013.

           cisco Systems, Inc.
           170 West Tasman Drive
           San Jose, California 95134-1706

Cisco IOS Software[Everest], ISR Software(X86_64_LINUX_IOSD - UNIVERSALK9 - M), Version 16.6.4, RELEASE SOFTWARE(fc3)
Technical Support : http://www.cisco.com/techsupport
Copyright(c) 1986 - 2018 by Cisco Systems, Inc.
Compiled Sun 08 - Jul - 18 04:33 by mcpre



Cisco IOS - XE software, Copyright(c) 2005 - 2018 by cisco Systems, Inc.
All rights reserved.Certain components of Cisco IOS - XE software are
licensed under the GNU General Public License("GPL") Version 2.0.The
software code licensed under GPL Version 2.0 is free software that comes
with ABSOLUTELY NO WARRANTY.You can redistribute and / or modify such
GPL code under the terms of GPL Version 2.0.For more details, see the
documentation or "License Notice" file accompanying the IOS - XE software,
or the applicable URL provided on the flyer accompanying the IOS - XE
software.



This product contains cryptographic features and is subject to United
States and local country laws governing import, export, transfer and
use. Delivery of Cisco cryptographic products does not imply
third-party authority to import, export, distribute or use encryption.
Importers, exporters, distributors and users are responsible for
compliance with U.S. and local country laws. By using this product you
agree to comply with applicable laws and regulations. If you are unable
to comply with U.S. and local laws, return this product immediately.

A summary of U.S. laws governing Cisco cryptographic products may be found at:
http://www.cisco.com/wwl/export/crypto/tool/stqrg.html

If you require further assistance please contact us by sending email to
export@cisco.com.

cisco ISR4331/K9 (1RU) processor with 1795999K/6147K bytes of memory.
Processor board ID FLM232010G0
3 Gigabit Ethernet interfaces
32768K bytes of non-volatile configuration memory.
4194304K bytes of physical memory.
3207167K bytes of flash memory at bootflash:.
0K bytes of WebUI ODM Files at webui:.



         --- System Configuration Dialog ---

Would you like to enter the initial configuration dialog? [yes/no]: no


Press RETURN to get started!



Router>enable
Router#confi t
Enter configuration commands, one per line.  End with CNTL/Z.
Router(config)#interface g0/0/0
Router(config-if)#ip add
% Incomplete command.
Router(config-if)#address 192.168.10.1 255.255.255.0
                   ^
% Invalid input detected at '^' marker.
	
Router(config-if)#address 192.168.10.1 255.255.255.0
                   ^
% Invalid input detected at '^' marker.
	
Router(config-if)#enable
                   ^
% Invalid input detected at '^' marker.
	
Router(config-if)#add 192.168.10.1 255.255.255.0
                   ^
% Invalid input detected at '^' marker.
	
Router(config-if)#ip add 192.168.10.1 255.255.255.0
Router(config-if)#no shutdown

Router(config-if)#
%LINK-5-CHANGED: Interface GigabitEthernet0/0/0, changed state to up

%LINEPROTO-5-UPDOWN: Line protocol on Interface GigabitEthernet0/0/0, changed state to up

Router(config-if)#exit
Router(config)#interface g0/0/1
Router(config-if)#ip add 192.168.11.1 255.255.255.0
Router(config-if)#no shutdown

Router(config-if)#
%LINK-5-CHANGED: Interface GigabitEthernet0/0/1, changed state to up

%LINEPROTO-5-UPDOWN: Line protocol on Interface GigabitEthernet0/0/1, changed state to up

Router(config-if)#end
Router#
%SYS-5-CONFIG_I: Configured from console by console

Router#show ip interface br
Interface              IP-Address      OK? Method Status                Protocol 
GigabitEthernet0/0/0   192.168.10.1    YES manual up                    up 
GigabitEthernet0/0/1   192.168.11.1    YES manual up                    up 
GigabitEthernet0/0/2   unassigned      YES unset  administratively down down 
Vlan1                  unassigned      YES unset  administratively down down
Router#








Router con0 is now available






Press RETURN to get started.













Router>enable
Router#show ip interface br
Interface              IP-Address      OK? Method Status                Protocol 
GigabitEthernet0/0/0   192.168.10.1    YES manual up                    up 
GigabitEthernet0/0/1   192.168.11.1    YES manual up                    up 
GigabitEthernet0/0/2   unassigned      YES unset  administratively down down 
Vlan1                  unassigned      YES unset  administratively down down
Router#copy r st
Destination filename [startup-config]? 
Building configuration...
[OK]
Router#
?Bad filename
%Error parsing filename (Bad file number)
Router#Initializing Hardware ...

Checking for PCIe device presence...done
System integrity status: 0x610
Rom image verified correctly


System Bootstrap, Version 16.7(3r), RELEASE SOFTWARE
Copyright (c) 1994-2018  by cisco Systems, Inc.

Current image running: Boot ROM0

Last reset cause: LocalSoft
Cisco ISR4331/K9 platform with 4194304 Kbytes of main memory



no valid BOOT image found
Final autoboot attempt from default boot device...
Located isr4300-universalk9.16.06.04.SPA.bin
Initializing Hardware ...

Checking for PCIe device presence...done
System integrity status: 0x610
Rom image verified correctly


System Bootstrap, Version 16.7(3r), RELEASE SOFTWARE
Copyright (c) 1994-2018  by cisco Systems, Inc.

Current image running: Boot ROM0

Last reset cause: LocalSoft
Cisco ISR4331/K9 platform with 4194304 Kbytes of main memory



no valid BOOT image found
Final autoboot attempt from default boot device...
Located isr4300-universalk9.16.06.04.SPA.bin
Initializing Hardware ...

Checking for PCIe device presence...done
System integrity status: 0x610
Rom image verified correctly


System Bootstrap, Version 16.7(3r), RELEASE SOFTWARE
Copyright (c) 1994-2018  by cisco Systems, Inc.

Current image running: Boot ROM0

Last reset cause: LocalSoft
Cisco ISR4331/K9 platform with 4194304 Kbytes of main memory



no valid BOOT image found
Final autoboot attempt from default boot device...
Located isr4300-universalk9.16.06.04.SPA.bin
Initializing Hardware ...

Checking for PCIe device presence...done
System integrity status: 0x610
Rom image verified correctly


System Bootstrap, Version 16.7(3r), RELEASE SOFTWARE
Copyright (c) 1994-2018  by cisco Systems, Inc.

Current image running: Boot ROM0

Last reset cause: LocalSoft
Cisco ISR4331/K9 platform with 4194304 Kbytes of main memory



no valid BOOT image found
Final autoboot attempt from default boot device...
Located isr4300-universalk9.16.06.04.SPA.bin
Initializing Hardware ...

Checking for PCIe device presence...done
System integrity status: 0x610
Rom image verified correctly


System Bootstrap, Version 16.7(3r), RELEASE SOFTWARE
Copyright (c) 1994-2018  by cisco Systems, Inc.

Current image running: Boot ROM0

Last reset cause: LocalSoft
Cisco ISR4331/K9 platform with 4194304 Kbytes of main memory



no valid BOOT image found
Final autoboot attempt from default boot device...
Located isr4300-universalk9.16.06.04.SPA.bin
#Initializing Hardware ...

Checking for PCIe device presence...done
System integrity status: 0x610
Rom image verified correctly


System Bootstrap, Version 16.7(3r), RELEASE SOFTWARE
Copyright (c) 1994-2018  by cisco Systems, Inc.

Current image running: Boot ROM0

Last reset cause: LocalSoft
Cisco ISR4331/K9 platform with 4194304 Kbytes of main memory



no valid BOOT image found
Final autoboot attempt from default boot device...
Located isr4300-universalk9.16.06.04.SPA.bin
###Initializing Hardware ...

Checking for PCIe device presence...done
System integrity status: 0x610
Rom image verified correctly


System Bootstrap, Version 16.7(3r), RELEASE SOFTWARE
Copyright (c) 1994-2018  by cisco Systems, Inc.

Current image running: Boot ROM0

Last reset cause: LocalSoft
Cisco ISR4331/K9 platform with 4194304 Kbytes of main memory



no valid BOOT image found
Final autoboot attempt from default boot device...
Located isr4300-universalk9.16.06.04.SPA.bin
Initializing Hardware ...

Checking for PCIe device presence...done
System integrity status: 0x610
Rom image verified correctly


System Bootstrap, Version 16.7(3r), RELEASE SOFTWARE
Copyright (c) 1994-2018  by cisco Systems, Inc.

Current image running: Boot ROM0

Last reset cause: LocalSoft
Cisco ISR4331/K9 platform with 4194304 Kbytes of main memory



no valid BOOT image found
Final autoboot attempt from default boot device...
Located isr4300-universalk9.16.06.04.SPA.bin
#Initializing Hardware ...

Checking for PCIe device presence...done
System integrity status: 0x610
Rom image verified correctly


System Bootstrap, Version 16.7(3r), RELEASE SOFTWARE
Copyright (c) 1994-2018  by cisco Systems, Inc.

Current image running: Boot ROM0

Last reset cause: LocalSoft
Cisco ISR4331/K9 platform with 4194304 Kbytes of main memory



no valid BOOT image found
Final autoboot attempt from default boot device...
Located isr4300-universalk9.16.06.04.SPA.bin
##########################################Initializing Hardware ...

Checking for PCIe device presence...done
System integrity status: 0x610
Rom image verified correctly


System Bootstrap, Version 16.7(3r), RELEASE SOFTWARE
Copyright (c) 1994-2018  by cisco Systems, Inc.

Current image running: Boot ROM0

Last reset cause: LocalSoft
Cisco ISR4331/K9 platform with 4194304 Kbytes of main memory



no valid BOOT image found
Final autoboot attempt from default boot device...
Located isr4300-universalk9.16.06.04.SPA.bin
##########################################################################################################################
Package header rev 1 structure detected
IsoSize = 550114467
Calculating SHA-1 hash...Validate package: SHA-1 hash:
        calculated 444F4D02:44C58887:D9C8942B:C557D3CF:2A14247E
        expected   444F4D02:44C58887:D9C8942B:C557D3CF:2A14247E

RSA Signed RELEASE Image Signature Verification Successful.
Image validated


              Restricted Rights Legend

Use, duplication, or disclosure by the Government is
subject to restrictions as set forth in subparagraph
(c) of the Commercial Computer Software - Restricted
Rights clause at FAR sec. 52.227-19 and subparagraph
(c) (1) (ii) of the Rights in Technical Data and Computer
Software clause at DFARS sec. 252.227-7013.

           cisco Systems, Inc.
           170 West Tasman Drive
           San Jose, California 95134-1706

Cisco IOS Software[Everest], ISR Software(X86_64_LINUX_IOSD - UNIVERSALK9 - M), Version 16.6.4, RELEASE SOFTWARE(fc3)
Technical Support : http://www.cisco.com/techsupport
Copyright(c) 1986 - 2018 by Cisco Systems, Inc.
Compiled Sun 08 - Jul - 18 04:33 by mcpre



Cisco IOS - XE software, Copyright(c) 2005 - 2018 by cisco Systems, Inc.
All rights reserved.Certain components of Cisco IOS - XE software are
licensed under the GNU General Public License("GPL") Version 2.0.The
software code licensed under GPL Version 2.0 is free software that comes
with ABSOLUTELY NO WARRANTY.You can redistribute and / or modify such
GPL code under the terms of GPL Version 2.0.For more details, see the
documentation or "License Notice" file accompanying the IOS - XE software,
or the applicable URL provided on the flyer accompanying the IOS - XE
software.



This product contains cryptographic features and is subject to United
States and local country laws governing import, export, transfer and
use. Delivery of Cisco cryptographic products does not imply
third-party authority to import, export, distribute or use encryption.
Importers, exporters, distributors and users are responsible for
compliance with U.S. and local country laws. By using this product you
agree to comply with applicable laws and regulations. If you are unable
to comply with U.S. and local laws, return this product immediately.

A summary of U.S. laws governing Cisco cryptographic products may be found at:
http://www.cisco.com/wwl/export/crypto/tool/stqrg.html

If you require further assistance please contact us by sending email to
export@cisco.com.

cisco ISR4331/K9 (1RU) processor with 1795999K/6147K bytes of memory.
Processor board ID FLM232010G0
3 Gigabit Ethernet interfaces
32768K bytes of non-volatile configuration memory.
4194304K bytes of physical memory.
3207167K bytes of flash memory at bootflash:.
0K bytes of WebUI ODM Files at webui:.


Press RETURN to get started!



Router>